
DINKAR@DINKAR-PC MINGW64 ~
$ cd

DINKAR@DINKAR-PC MINGW64 ~
$ cd /c

DINKAR@DINKAR-PC MINGW64 /c
$ ls
'!qhlogs.doc'     Config.Msi/                ftconfig.ini   Hotfix/   Microgaming/     NetworkCfg.xml
'$Recycle.Bin'/  'Documents and Settings'@   git/           Intel/    mini-agent.txt   OneDriveTemp/
 AVScanner.ini    Drivers/                   hiberfil.sys   logs/     MSOCache/        pagefile.sys

DINKAR@DINKAR-PC MINGW64 /c
$ cd git/

DINKAR@DINKAR-PC MINGW64 /c/git
$ git config --global user.name "diwakardubeyaml"

DINKAR@DINKAR-PC MINGW64 /c/git
$ git config --global user.email diwakardubeyaml@gmail.com

DINKAR@DINKAR-PC MINGW64 /c/git
$ git clone git@github.com:diwakardubeyaml/TestGit.git
Cloning into 'TestGit'...
git@github.com: Permission denied (publickey).
fatal: Could not read from remote repository.

Please make sure you have the correct access rights
and the repository exists.

DINKAR@DINKAR-PC MINGW64 /c/git
$ git clone https://github.com/diwakardubeyaml/TestGit.git
Cloning into 'TestGit'...
remote: Enumerating objects: 3, done.
remote: Counting objects: 100% (3/3), done.
remote: Total 3 (delta 0), reused 0 (delta 0), pack-reused 0
Unpacking objects: 100% (3/3), done.

DINKAR@DINKAR-PC MINGW64 /c/git
$ ls
TestGit/

DINKAR@DINKAR-PC MINGW64 /c/git
$ cd TestGit/

DINKAR@DINKAR-PC MINGW64 /c/git/TestGit (master)
$ ls
README.md

DINKAR@DINKAR-PC MINGW64 /c/git/TestGit (master)
$ ls
README.md  test.txt

DINKAR@DINKAR-PC MINGW64 /c/git/TestGit (master)
$ git add test.txt

DINKAR@DINKAR-PC MINGW64 /c/git/TestGit (master)
$ ls
README.md  test.txt

DINKAR@DINKAR-PC MINGW64 /c/git/TestGit (master)
$ git status
On branch master
Your branch is up to date with 'origin/master'.

Changes to be committed:
  (use "git restore --staged <file>..." to unstage)
        new file:   test.txt


DINKAR@DINKAR-PC MINGW64 /c/git/TestGit (master)
$ git commit -m "first commit" test.txt
[master 9e788c2] first commit
 1 file changed, 1 insertion(+)
 create mode 100644 test.txt

DINKAR@DINKAR-PC MINGW64 /c/git/TestGit (master)
$ git push -uo origin  master
fatal: 'master' does not appear to be a git repository
fatal: Could not read from remote repository.

Please make sure you have the correct access rights
and the repository exists.

DINKAR@DINKAR-PC MINGW64 /c/git/TestGit (master)
$ git push -u origin master
Logon failed, use ctrl+c to cancel basic credential prompt.
error: unable to read askpass response from 'C:/Program Files/Git/mingw64/libexec/git-core/git-gui--askpass'
Password for 'https://github.com':
remote: No anonymous write access.
fatal: Authentication failed for 'https://github.com/diwakardubeyaml/TestGit.git/'

DINKAR@DINKAR-PC MINGW64 /c/git/TestGit (master)
$ git push -u origin master
Enumerating objects: 4, done.
Counting objects: 100% (4/4), done.
Delta compression using up to 4 threads
Compressing objects: 100% (2/2), done.
Writing objects: 100% (3/3), 300 bytes | 300.00 KiB/s, done.
Total 3 (delta 0), reused 0 (delta 0)
To https://github.com/diwakardubeyaml/TestGit.git
   c3b4416..9e788c2  master -> master
Branch 'master' set up to track remote branch 'master' from 'origin'.

DINKAR@DINKAR-PC MINGW64 /c/git/TestGit (master)
$ git commit -m "modified file first time" test.txt
[master 22fb4cd] modified file first time
 1 file changed, 5 insertions(+), 1 deletion(-)

DINKAR@DINKAR-PC MINGW64 /c/git/TestGit (master)
$ git status
On branch master
Your branch is ahead of 'origin/master' by 1 commit.
  (use "git push" to publish your local commits)

nothing to commit, working tree clean

DINKAR@DINKAR-PC MINGW64 /c/git/TestGit (master)
$ git push -u origin master
Enumerating objects: 5, done.
Counting objects: 100% (5/5), done.
Delta compression using up to 4 threads
Compressing objects: 100% (3/3), done.
Writing objects: 100% (3/3), 315 bytes | 315.00 KiB/s, done.
Total 3 (delta 0), reused 0 (delta 0)
To https://github.com/diwakardubeyaml/TestGit.git
   9e788c2..22fb4cd  master -> master
Branch 'master' set up to track remote branch 'master' from 'origin'.

DINKAR@DINKAR-PC MINGW64 /c/git/TestGit (master)
$
